clients/openstack-docs_starlingx-docs-c0: sketched
clients/openstack-docs_starlingx-docs-c1: sketched
clients/openstack-docs_starlingx-docs-c2: sketched
clients/openstack-docs_starlingx-docs-c3: sketched
clients/openstack-python_ironic-c0: sketched
clients/openstack-python_ironic-c1: sketched
clients/openstack-python_neutron-c0: sketched
clients/openstack-python_neutron-c1: sketched
clients/openstack-python_neutron-c2: sketched
clients/openstack-python_nova-c0: sketched
clients/openstack-python_nova-c1: sketched
clients/openstack-python_nova-c2: sketched
clients/qt-cpp_qt-creator-c0: sketched
clients/qt-cpp_qt-creator-c1: sketched
clients/qt-cpp_qt-creator-c2: sketched
clients/qt-cpp_qt-creator-c3: sketched
clients/qt-cpp_qt-creator-c4: sketched
clients/qt-cpp_qt-creator-c5: sketched
clients/qt-cpp_qtbase-c0: sketched
clients/qt-cpp_qtbase-c1: sketched
clients/qt-cpp_qtbase-c2: sketched
clients/qt-cpp_qtbase-c3: sketched
clients/qt-cpp_qtbase-c4: sketched
clients/qt-cpp_qtbase-c5: sketched
clients/qt-docs_qtdoc-c0: sketched
clients/qt-docs_qtdoc-c1: sketched
clients/qt-docs_qtdoc-c2: sketched
clients/qt-docs_qtdoc-c3: sketched
clients/qt-docs_qtdoc-c4: sketched
clients/qt-docs_qtdoc-c5: sketched
clients/qt-python_pyside-setup-c0: sketched
clients/qt-python_pyside-setup-c1: sketched
clients/qt-python_pyside-setup-c2: sketched
clients/qt-python_pyside-setup-c3: sketched
wrote /home/ajb6289/client-vectors.npz
ADAPTER_PROJECTION_OK
