pilot_lower_90: spread 0.0045 at 206 changes -> sigma_run 0.0000 (realised 0.0066)
pilot_lower_90 (sigma_run 0.0000) at 0.975, 1 cell(s), power 0.9500: detects +0.0105; null FP 0.007, bounded 0.962; reproducibility failure 0.000
pilot_lower_90 (sigma_run 0.0000) at 0.975, 2 cell(s), power 0.9747: detects +0.0112; null FP 0.007, bounded 0.980; reproducibility failure 0.000
pilot_lower_90 (sigma_run 0.0000) at 0.975, 3 cell(s), power 0.9830: detects +0.0117; null FP 0.007, bounded 0.987; reproducibility failure 0.000
pilot_lower_90 (sigma_run 0.0000) at 0.95, 1 cell(s), power 0.9500: detects +0.0098; null FP 0.017, bounded 0.964; reproducibility failure 0.000
pilot_lower_90 (sigma_run 0.0000) at 0.95, 2 cell(s), power 0.9747: detects +0.0104; null FP 0.017, bounded 0.981; reproducibility failure 0.000
pilot_lower_90 (sigma_run 0.0000) at 0.95, 3 cell(s), power 0.9830: detects +0.0108; null FP 0.017, bounded 0.986; reproducibility failure 0.000
pilot_estimate: spread 0.0054 at 206 changes -> sigma_run 0.0000 (realised 0.0066)
pilot_estimate (sigma_run 0.0000) at 0.975, 1 cell(s), power 0.9500: detects +0.0105; null FP 0.007, bounded 0.962; reproducibility failure 0.000
pilot_estimate (sigma_run 0.0000) at 0.975, 2 cell(s), power 0.9747: detects +0.0112; null FP 0.007, bounded 0.980; reproducibility failure 0.000
pilot_estimate (sigma_run 0.0000) at 0.975, 3 cell(s), power 0.9830: detects +0.0117; null FP 0.007, bounded 0.987; reproducibility failure 0.000
pilot_estimate (sigma_run 0.0000) at 0.95, 1 cell(s), power 0.9500: detects +0.0098; null FP 0.017, bounded 0.964; reproducibility failure 0.000
pilot_estimate (sigma_run 0.0000) at 0.95, 2 cell(s), power 0.9747: detects +0.0104; null FP 0.017, bounded 0.981; reproducibility failure 0.000
pilot_estimate (sigma_run 0.0000) at 0.95, 3 cell(s), power 0.9830: detects +0.0108; null FP 0.017, bounded 0.986; reproducibility failure 0.000
sizing_bound_90: spread 0.0068 at 206 changes -> sigma_run 0.0016 (realised 0.0068)
sizing_bound_90 (sigma_run 0.0016) at 0.975, 1 cell(s), power 0.9500: detects +0.0105; null FP 0.009, bounded 0.952; reproducibility failure 0.000
sizing_bound_90 (sigma_run 0.0016) at 0.975, 2 cell(s), power 0.9747: detects +0.0112; null FP 0.009, bounded 0.974; reproducibility failure 0.000
sizing_bound_90 (sigma_run 0.0016) at 0.975, 3 cell(s), power 0.9830: detects +0.0117; null FP 0.009, bounded 0.982; reproducibility failure 0.000
sizing_bound_90 (sigma_run 0.0016) at 0.95, 1 cell(s), power 0.9500: detects +0.0098; null FP 0.021, bounded 0.954; reproducibility failure 0.000
sizing_bound_90 (sigma_run 0.0016) at 0.95, 2 cell(s), power 0.9747: detects +0.0104; null FP 0.021, bounded 0.975; reproducibility failure 0.000
sizing_bound_90 (sigma_run 0.0016) at 0.95, 3 cell(s), power 0.9830: detects +0.0108; null FP 0.021, bounded 0.981; reproducibility failure 0.000
pilot_upper_99: spread 0.0083 at 206 changes -> sigma_run 0.0050 (realised 0.0083)
pilot_upper_99 (sigma_run 0.0050) at 0.975, 1 cell(s), power 0.9500: detects +0.0121; null FP 0.011, bounded 0.956; reproducibility failure 0.000
pilot_upper_99 (sigma_run 0.0050) at 0.975, 2 cell(s), power 0.9747: detects +0.0130; null FP 0.011, bounded 0.979; reproducibility failure 0.000
pilot_upper_99 (sigma_run 0.0050) at 0.975, 3 cell(s), power 0.9830: detects +0.0133; null FP 0.011, bounded 0.986; reproducibility failure 0.000
pilot_upper_99 (sigma_run 0.0050) at 0.95, 1 cell(s), power 0.9500: detects +0.0112; null FP 0.022, bounded 0.957; reproducibility failure 0.000
pilot_upper_99 (sigma_run 0.0050) at 0.95, 2 cell(s), power 0.9747: detects +0.0121; null FP 0.022, bounded 0.981; reproducibility failure 0.000
