clients-cpp-early/aosp-cpp_art-c0: sketched
clients-cpp-early/aosp-cpp_art-c1: sketched
clients-cpp-early/aosp-cpp_art-c2: sketched
clients-cpp-early/aosp-cpp_art-c3: sketched
clients-cpp-early/aosp-cpp_art-c4: sketched
clients-cpp-early/aosp-cpp_art-c5: sketched
clients-cpp-early/aosp-cpp_frameworks-av-c0: sketched
clients-cpp-early/aosp-cpp_frameworks-av-c1: sketched
clients-cpp-early/aosp-cpp_frameworks-av-c2: sketched
clients-cpp-early/aosp-cpp_frameworks-av-c3: sketched
clients-cpp-early/aosp-cpp_system-core-c0: sketched
clients-cpp-early/aosp-cpp_system-core-c1: sketched
clients-cpp-early/aosp-cpp_system-core-c2: sketched
clients-cpp-early/openstack-docs_starlingx-docs-c0: sketched
clients-cpp-early/openstack-docs_starlingx-docs-c1: sketched
clients-cpp-early/openstack-docs_starlingx-docs-c2: sketched
clients-cpp-early/openstack-docs_starlingx-docs-c3: sketched
clients-cpp-early/openstack-docs_starlingx-docs-c4: sketched
clients-cpp-early/openstack-docs_starlingx-docs-c5: sketched
clients-cpp-early/openstack-python_ironic-c0: sketched
clients-cpp-early/openstack-python_ironic-c1: sketched
clients-cpp-early/openstack-python_ironic-c2: sketched
clients-cpp-early/openstack-python_neutron-c0: sketched
clients-cpp-early/openstack-python_neutron-c1: sketched
clients-cpp-early/openstack-python_neutron-c2: sketched
clients-cpp-early/openstack-python_nova-c0: sketched
clients-cpp-early/openstack-python_nova-c1: sketched
clients-cpp-early/openstack-python_nova-c2: sketched
clients-cpp-early/openstack-python_starlingx-config-c0: sketched
clients-cpp-early/openstack-python_starlingx-config-c1: sketched
clients-cpp-early/openstack-python_starlingx-config-c2: sketched
clients-cpp-early/openstack-python_starlingx-test-c0: sketched
clients-cpp-early/openstack-python_starlingx-test-c1: sketched
clients-cpp-early/openstack-python_starlingx-test-c2: sketched
clients-cpp-early/openstack-python_starlingx-test-c3: sketched
clients-cpp-early/openstack-python_starlingx-test-c4: sketched
clients-cpp-early/openstack-python_swift-c0: sketched
clients-cpp-early/openstack-python_swift-c1: sketched
clients-cpp-early/qt-cpp_qt-creator-c0: sketched
clients-cpp-early/qt-cpp_qt-creator-c1: sketched
clients-cpp-early/qt-cpp_qt-creator-c2: sketched
clients-cpp-early/qt-cpp_qt-creator-c3: sketched
clients-cpp-early/qt-cpp_qt-creator-c4: sketched
clients-cpp-early/qt-cpp_qt-creator-c5: sketched
clients-cpp-early/qt-cpp_qtbase-c0: sketched
clients-cpp-early/qt-cpp_qtbase-c1: sketched
clients-cpp-early/qt-cpp_qtbase-c2: sketched
clients-cpp-early/qt-cpp_qtbase-c3: sketched
clients-cpp-early/qt-cpp_qtbase-c4: sketched
clients-cpp-early/qt-cpp_qtbase-c5: sketched
clients-cpp-early/qt-cpp_qtdeclarative-c0: sketched
clients-cpp-early/qt-cpp_qtdeclarative-c1: sketched
clients-cpp-early/qt-cpp_qtdeclarative-c2: sketched
clients-cpp-early/qt-cpp_qtdeclarative-c3: sketched
clients-cpp-early/qt-cpp_qtdeclarative-c4: sketched
clients-cpp-early/qt-cpp_qtdeclarative-c5: sketched
clients-cpp-early/qt-cpp_qtgraphs-c0: sketched
clients-cpp-early/qt-cpp_qtgraphs-c1: sketched
clients-cpp-early/qt-cpp_qtgraphs-c2: sketched
clients-cpp-early/qt-cpp_qtmultimedia-c0: sketched
clients-cpp-early/qt-cpp_qtmultimedia-c1: sketched
clients-cpp-early/qt-cpp_qtmultimedia-c2: sketched
clients-cpp-early/qt-cpp_qtmultimedia-c3: sketched
clients-cpp-early/qt-cpp_qtmultimedia-c4: sketched
clients-cpp-early/qt-cpp_qtmultimedia-c5: sketched
clients-cpp-early/qt-cpp_qttools-c0: sketched
clients-cpp-early/qt-cpp_qttools-c1: sketched
clients-cpp-early/qt-cpp_qttools-c2: sketched
clients-cpp-early/qt-docs_qtdoc-c0: sketched
clients-cpp-early/qt-docs_qtdoc-c1: sketched
clients-cpp-early/qt-docs_qtdoc-c2: sketched
clients-cpp-early/qt-docs_qtdoc-c3: sketched
clients-cpp-early/qt-docs_qtdoc-c4: sketched
clients-cpp-early/qt-docs_qtdoc-c5: sketched
clients-cpp-early/qt-python_pyside-setup-c0: sketched
clients-cpp-early/qt-python_pyside-setup-c1: sketched
clients-cpp-early/qt-python_pyside-setup-c2: sketched
wrote /home/ajb6289/client-vectors-cpp-early.npz
ADAPTER_PROJECTION_OK
