clients-cpp-rebuilt-c128/aosp-cpp_art-c0: sketched
clients-cpp-rebuilt-c128/aosp-cpp_art-c1: sketched
clients-cpp-rebuilt-c128/aosp-cpp_art-c2: sketched
clients-cpp-rebuilt-c128/aosp-cpp_art-c3: sketched
clients-cpp-rebuilt-c128/aosp-cpp_art-c4: sketched
clients-cpp-rebuilt-c128/aosp-cpp_art-c5: sketched
clients-cpp-rebuilt-c128/aosp-cpp_bionic-c0: sketched
clients-cpp-rebuilt-c128/aosp-cpp_frameworks-av-c0: sketched
clients-cpp-rebuilt-c128/aosp-cpp_frameworks-av-c1: sketched
clients-cpp-rebuilt-c128/aosp-cpp_frameworks-av-c2: sketched
clients-cpp-rebuilt-c128/aosp-cpp_frameworks-av-c3: sketched
clients-cpp-rebuilt-c128/aosp-cpp_frameworks-native-c0: sketched
clients-cpp-rebuilt-c128/aosp-cpp_hardware-interfaces-c0: sketched
clients-cpp-rebuilt-c128/aosp-cpp_hardware-interfaces-c1: sketched
clients-cpp-rebuilt-c128/aosp-cpp_hardware-interfaces-c2: sketched
clients-cpp-rebuilt-c128/aosp-cpp_perfetto-c0: sketched
clients-cpp-rebuilt-c128/aosp-cpp_perfetto-c1: sketched
clients-cpp-rebuilt-c128/aosp-cpp_perfetto-c2: sketched
clients-cpp-rebuilt-c128/aosp-cpp_perfetto-c3: sketched
clients-cpp-rebuilt-c128/aosp-cpp_perfetto-c4: sketched
clients-cpp-rebuilt-c128/aosp-cpp_perfetto-c5: sketched
clients-cpp-rebuilt-c128/aosp-cpp_system-core-c0: sketched
clients-cpp-rebuilt-c128/aosp-cpp_system-core-c1: sketched
clients-cpp-rebuilt-c128/openstack-docs_starlingx-docs-c0: sketched
clients-cpp-rebuilt-c128/openstack-docs_starlingx-docs-c1: sketched
clients-cpp-rebuilt-c128/openstack-docs_starlingx-docs-c2: sketched
clients-cpp-rebuilt-c128/openstack-docs_starlingx-docs-c3: sketched
clients-cpp-rebuilt-c128/openstack-python_ironic-c0: sketched
clients-cpp-rebuilt-c128/openstack-python_neutron-c0: sketched
clients-cpp-rebuilt-c128/openstack-python_nova-c0: sketched
clients-cpp-rebuilt-c128/openstack-python_starlingx-config-c0: sketched
clients-cpp-rebuilt-c128/openstack-python_starlingx-test-c0: sketched
clients-cpp-rebuilt-c128/openstack-python_starlingx-test-c1: sketched
clients-cpp-rebuilt-c128/openstack-python_swift-c0: sketched
clients-cpp-rebuilt-c128/qt-cpp_qt-creator-c0: sketched
clients-cpp-rebuilt-c128/qt-cpp_qt-creator-c1: sketched
clients-cpp-rebuilt-c128/qt-cpp_qt-creator-c2: sketched
clients-cpp-rebuilt-c128/qt-cpp_qt-creator-c3: sketched
clients-cpp-rebuilt-c128/qt-cpp_qt-creator-c4: sketched
clients-cpp-rebuilt-c128/qt-cpp_qt-creator-c5: sketched
clients-cpp-rebuilt-c128/qt-cpp_qtbase-c0: sketched
clients-cpp-rebuilt-c128/qt-cpp_qtbase-c1: sketched
clients-cpp-rebuilt-c128/qt-cpp_qtbase-c2: sketched
clients-cpp-rebuilt-c128/qt-cpp_qtbase-c3: sketched
clients-cpp-rebuilt-c128/qt-cpp_qtbase-c4: sketched
clients-cpp-rebuilt-c128/qt-cpp_qtbase-c5: sketched
clients-cpp-rebuilt-c128/qt-cpp_qtdeclarative-c0: sketched
clients-cpp-rebuilt-c128/qt-cpp_qtdeclarative-c1: sketched
clients-cpp-rebuilt-c128/qt-cpp_qtdeclarative-c2: sketched
clients-cpp-rebuilt-c128/qt-cpp_qtdeclarative-c3: sketched
clients-cpp-rebuilt-c128/qt-cpp_qtdeclarative-c4: sketched
clients-cpp-rebuilt-c128/qt-cpp_qtdeclarative-c5: sketched
clients-cpp-rebuilt-c128/qt-cpp_qtgraphs-c0: sketched
clients-cpp-rebuilt-c128/qt-cpp_qtgraphs-c1: sketched
clients-cpp-rebuilt-c128/qt-cpp_qtmultimedia-c0: sketched
clients-cpp-rebuilt-c128/qt-cpp_qtmultimedia-c1: sketched
clients-cpp-rebuilt-c128/qt-cpp_qtmultimedia-c2: sketched
clients-cpp-rebuilt-c128/qt-cpp_qttools-c0: sketched
clients-cpp-rebuilt-c128/qt-cpp_qttools-c1: sketched
clients-cpp-rebuilt-c128/qt-docs_qtdoc-c0: sketched
clients-cpp-rebuilt-c128/qt-docs_qtdoc-c1: sketched
clients-cpp-rebuilt-c128/qt-docs_qtdoc-c2: sketched
clients-cpp-rebuilt-c128/qt-docs_qtdoc-c3: sketched
clients-cpp-rebuilt-c128/qt-python_pyside-setup-c0: sketched
clients-cpp-rebuilt-c128/qt-python_pyside-setup-c1: sketched
wrote /home/ajb6289/client-vectors-cpp-rebuilt-c128.npz
ADAPTER_PROJECTION_OK
