aosp:cpp/art: 883 examples, 0 refused -> 3 clients
aosp:cpp/frameworks-av: 297 examples, 0 refused -> 1 clients
aosp:cpp/system-core: 204 examples, 0 refused -> 0 clients
Traceback (most recent call last):
  File "/home/ajb6289/sphragis-pinned/5e582c3/scripts/client_updates.py", line 186, in <module>
    main()
    ~~~~^^
  File "/home/ajb6289/sphragis-pinned/5e582c3/scripts/client_updates.py", line 94, in main
    json.loads(line) for line in (args.corpus_root / path).read_text().splitlines() if line
                                 ~~~~~~~~~~~~~~~~~~~~~~~~~~~~~~~~~~~^^
  File "/home/ajb6289/.local/share/uv/python/cpython-3.13.15-linux-aarch64-gnu/lib/python3.13/pathlib/_local.py", line 546, in read_text
    return PathBase.read_text(self, encoding, errors, newline)
           ~~~~~~~~~~~~~~~~~~^^^^^^^^^^^^^^^^^^^^^^^^^^^^^^^^^
  File "/home/ajb6289/.local/share/uv/python/cpython-3.13.15-linux-aarch64-gnu/lib/python3.13/pathlib/_abc.py", line 632, in read_text
    with self.open(mode='r', encoding=encoding, errors=errors, newline=newline) as f:
         ~~~~~~~~~^^^^^^^^^^^^^^^^^^^^^^^^^^^^^^^^^^^^^^^^^^^^^^^^^^^^^^^^^^^^^
  File "/home/ajb6289/.local/share/uv/python/cpython-3.13.15-linux-aarch64-gnu/lib/python3.13/pathlib/_local.py", line 537, in open
    return io.open(self, mode, buffering, encoding, errors, newline)
           ~~~~~~~^^^^^^^^^^^^^^^^^^^^^^^^^^^^^^^^^^^^^^^^^^^^^^^^^^
FileNotFoundError: [Errno 2] No such file or directory: '/home/ajb6289/corpus/clients2/platform_hardware_interfaces.jsonl'
