pilot_lower_90: spread 0.0094 at 429 changes -> sigma_run 0.0080 (realised 0.0094)
pilot_lower_90 (sigma_run 0.0080) at 0.975, 1 cell(s), power 0.9500: detects +0.0223; null FP 0.015, bounded 0.976; reproducibility failure 0.000
pilot_lower_90 (sigma_run 0.0080) at 0.975, 2 cell(s), power 0.9747: detects +0.0238; null FP 0.015, bounded 0.987; reproducibility failure 0.000
pilot_lower_90 (sigma_run 0.0080) at 0.975, 3 cell(s), power 0.9830: detects +0.0250; null FP 0.015, bounded 0.994; reproducibility failure 0.000
pilot_lower_90 (sigma_run 0.0080) at 0.95, 1 cell(s), power 0.9500: detects +0.0204; null FP 0.025, bounded 0.972; reproducibility failure 0.000
pilot_lower_90 (sigma_run 0.0080) at 0.95, 2 cell(s), power 0.9747: detects +0.0223; null FP 0.025, bounded 0.987; reproducibility failure 0.000
pilot_lower_90 (sigma_run 0.0080) at 0.95, 3 cell(s), power 0.9830: detects +0.0236; null FP 0.025, bounded 0.995; reproducibility failure 0.000
pilot_estimate: spread 0.0112 at 429 changes -> sigma_run 0.0100 (realised 0.0112)
pilot_estimate (sigma_run 0.0100) at 0.975, 1 cell(s), power 0.9500: detects +0.0231; null FP 0.014, bounded 0.977; reproducibility failure 0.004
pilot_estimate (sigma_run 0.0100) at 0.975, 2 cell(s), power 0.9747: detects +0.0246; null FP 0.014, bounded 0.988; reproducibility failure 0.004
pilot_estimate (sigma_run 0.0100) at 0.975, 3 cell(s), power 0.9830: detects +0.0260; null FP 0.014, bounded 0.993; reproducibility failure 0.004
pilot_estimate (sigma_run 0.0100) at 0.95, 1 cell(s), power 0.9500: detects +0.0210; null FP 0.027, bounded 0.972; reproducibility failure 0.004
pilot_estimate (sigma_run 0.0100) at 0.95, 2 cell(s), power 0.9747: detects +0.0230; null FP 0.027, bounded 0.988; reproducibility failure 0.004
pilot_estimate (sigma_run 0.0100) at 0.95, 3 cell(s), power 0.9830: detects +0.0246; null FP 0.027, bounded 0.994; reproducibility failure 0.004
sizing_bound_90: spread 0.0141 at 429 changes -> sigma_run 0.0132 (realised 0.0141)
sizing_bound_90 (sigma_run 0.0132) at 0.975, 1 cell(s), power 0.9500: detects +0.0246; null FP 0.015, bounded 0.975; reproducibility failure 0.029
sizing_bound_90 (sigma_run 0.0132) at 0.975, 2 cell(s), power 0.9747: detects +0.0268; null FP 0.015, bounded 0.990; reproducibility failure 0.029
sizing_bound_90 (sigma_run 0.0132) at 0.975, 3 cell(s), power 0.9830: detects +0.0276; null FP 0.015, bounded 0.993; reproducibility failure 0.029
sizing_bound_90 (sigma_run 0.0132) at 0.95, 1 cell(s), power 0.9500: detects +0.0225; null FP 0.029, bounded 0.971; reproducibility failure 0.029
sizing_bound_90 (sigma_run 0.0132) at 0.95, 2 cell(s), power 0.9747: detects +0.0246; null FP 0.029, bounded 0.988; reproducibility failure 0.029
sizing_bound_90 (sigma_run 0.0132) at 0.95, 3 cell(s), power 0.9830: detects +0.0260; null FP 0.029, bounded 0.993; reproducibility failure 0.029
pilot_upper_99: spread 0.0172 at 429 changes -> sigma_run 0.0165 (realised 0.0172)
pilot_upper_99 (sigma_run 0.0165) at 0.975, 1 cell(s), power 0.9500: detects +0.0268; null FP 0.016, bounded 0.977; reproducibility failure 0.088
pilot_upper_99 (sigma_run 0.0165) at 0.975, 2 cell(s), power 0.9747: detects +0.0289; null FP 0.016, bounded 0.989; reproducibility failure 0.088
pilot_upper_99 (sigma_run 0.0165) at 0.975, 3 cell(s), power 0.9830: detects +0.0297; null FP 0.016, bounded 0.992; reproducibility failure 0.088
pilot_upper_99 (sigma_run 0.0165) at 0.95, 1 cell(s), power 0.9500: detects +0.0242; null FP 0.029, bounded 0.969; reproducibility failure 0.088
pilot_upper_99 (sigma_run 0.0165) at 0.95, 2 cell(s), power 0.9747: detects +0.0276; null FP 0.029, bounded 0.991; reproducibility failure 0.088
pilot_upper_99 (sigma_run 0.0165) at 0.95, 3 cell(s), power 0.9830: detects +0.0281; null FP 0.029, bounded 0.993; reproducibility failure 0.088
wrote /home/ajb6289/ajsoftworks/sphragis-data/results/partition-sensitivity-wikimedia-sporc.json
