clients-cpp-256-c256/aosp-cpp_art-c0: sketched
clients-cpp-256-c256/aosp-cpp_art-c1: sketched
clients-cpp-256-c256/aosp-cpp_art-c2: sketched
clients-cpp-256-c256/aosp-cpp_art-c3: sketched
clients-cpp-256-c256/aosp-cpp_art-c4: sketched
clients-cpp-256-c256/aosp-cpp_frameworks-av-c0: sketched
clients-cpp-256-c256/aosp-cpp_frameworks-av-c1: sketched
clients-cpp-256-c256/aosp-cpp_hardware-interfaces-c0: sketched
clients-cpp-256-c256/aosp-cpp_perfetto-c0: sketched
clients-cpp-256-c256/aosp-cpp_perfetto-c1: sketched
clients-cpp-256-c256/aosp-cpp_perfetto-c2: sketched
clients-cpp-256-c256/aosp-cpp_perfetto-c3: sketched
clients-cpp-256-c256/aosp-cpp_perfetto-c4: sketched
clients-cpp-256-c256/aosp-cpp_perfetto-c5: sketched
clients-cpp-256-c256/aosp-cpp_system-core-c0: sketched
clients-cpp-256-c256/openstack-docs_starlingx-docs-c0: sketched
clients-cpp-256-c256/openstack-docs_starlingx-docs-c1: sketched
clients-cpp-256-c256/qt-cpp_qt-creator-c0: sketched
clients-cpp-256-c256/qt-cpp_qt-creator-c1: sketched
clients-cpp-256-c256/qt-cpp_qt-creator-c2: sketched
clients-cpp-256-c256/qt-cpp_qt-creator-c3: sketched
clients-cpp-256-c256/qt-cpp_qt-creator-c4: sketched
clients-cpp-256-c256/qt-cpp_qt-creator-c5: sketched
clients-cpp-256-c256/qt-cpp_qtbase-c0: sketched
clients-cpp-256-c256/qt-cpp_qtbase-c1: sketched
clients-cpp-256-c256/qt-cpp_qtbase-c2: sketched
clients-cpp-256-c256/qt-cpp_qtbase-c3: sketched
clients-cpp-256-c256/qt-cpp_qtbase-c4: sketched
clients-cpp-256-c256/qt-cpp_qtbase-c5: sketched
clients-cpp-256-c256/qt-cpp_qtdeclarative-c0: sketched
clients-cpp-256-c256/qt-cpp_qtdeclarative-c1: sketched
clients-cpp-256-c256/qt-cpp_qtdeclarative-c2: sketched
clients-cpp-256-c256/qt-cpp_qtdeclarative-c3: sketched
clients-cpp-256-c256/qt-cpp_qtmultimedia-c0: sketched
clients-cpp-256-c256/qt-docs_qtdoc-c0: sketched
clients-cpp-256-c256/qt-docs_qtdoc-c1: sketched
wrote /home/ajb6289/client-vectors-cpp-256-c256.npz
ADAPTER_PROJECTION_OK
