pilot_lower_90: spread 0.0086 at 429 changes -> sigma_run 0.0067 (realised 0.0086)
pilot_lower_90 (sigma_run 0.0067) at 0.975, 1 cell(s), power 0.9500: detects +0.0212; null FP 0.013, bounded 0.976; reproducibility failure 0.000
pilot_lower_90 (sigma_run 0.0067) at 0.975, 2 cell(s), power 0.9747: detects +0.0223; null FP 0.013, bounded 0.985; reproducibility failure 0.000
pilot_lower_90 (sigma_run 0.0067) at 0.975, 3 cell(s), power 0.9830: detects +0.0238; null FP 0.013, bounded 0.994; reproducibility failure 0.000
pilot_lower_90 (sigma_run 0.0067) at 0.95, 1 cell(s), power 0.9500: detects +0.0192; null FP 0.025, bounded 0.969; reproducibility failure 0.000
pilot_lower_90 (sigma_run 0.0067) at 0.95, 2 cell(s), power 0.9747: detects +0.0212; null FP 0.025, bounded 0.989; reproducibility failure 0.000
pilot_lower_90 (sigma_run 0.0067) at 0.95, 3 cell(s), power 0.9830: detects +0.0218; null FP 0.025, bounded 0.991; reproducibility failure 0.000
pilot_estimate: spread 0.0102 at 429 changes -> sigma_run 0.0086 (realised 0.0102)
pilot_estimate (sigma_run 0.0086) at 0.975, 1 cell(s), power 0.9500: detects +0.0216; null FP 0.013, bounded 0.970; reproducibility failure 0.003
pilot_estimate (sigma_run 0.0086) at 0.975, 2 cell(s), power 0.9747: detects +0.0236; null FP 0.013, bounded 0.987; reproducibility failure 0.003
pilot_estimate (sigma_run 0.0086) at 0.975, 3 cell(s), power 0.9830: detects +0.0248; null FP 0.013, bounded 0.994; reproducibility failure 0.003
pilot_estimate (sigma_run 0.0086) at 0.95, 1 cell(s), power 0.9500: detects +0.0200; null FP 0.025, bounded 0.967; reproducibility failure 0.003
pilot_estimate (sigma_run 0.0086) at 0.95, 2 cell(s), power 0.9747: detects +0.0221; null FP 0.025, bounded 0.988; reproducibility failure 0.003
pilot_estimate (sigma_run 0.0086) at 0.95, 3 cell(s), power 0.9830: detects +0.0228; null FP 0.025, bounded 0.991; reproducibility failure 0.003
sizing_bound_90: spread 0.0129 at 429 changes -> sigma_run 0.0115 (realised 0.0129)
sizing_bound_90 (sigma_run 0.0115) at 0.975, 1 cell(s), power 0.9500: detects +0.0234; null FP 0.013, bounded 0.970; reproducibility failure 0.026
sizing_bound_90 (sigma_run 0.0115) at 0.975, 2 cell(s), power 0.9747: detects +0.0251; null FP 0.013, bounded 0.987; reproducibility failure 0.026
sizing_bound_90 (sigma_run 0.0115) at 0.975, 3 cell(s), power 0.9830: detects +0.0266; null FP 0.013, bounded 0.994; reproducibility failure 0.026
sizing_bound_90 (sigma_run 0.0115) at 0.95, 1 cell(s), power 0.9500: detects +0.0216; null FP 0.026, bounded 0.969; reproducibility failure 0.026
sizing_bound_90 (sigma_run 0.0115) at 0.95, 2 cell(s), power 0.9747: detects +0.0236; null FP 0.026, bounded 0.987; reproducibility failure 0.026
sizing_bound_90 (sigma_run 0.0115) at 0.95, 3 cell(s), power 0.9830: detects +0.0242; null FP 0.026, bounded 0.991; reproducibility failure 0.026
pilot_upper_99: spread 0.0157 at 429 changes -> sigma_run 0.0146 (realised 0.0157)
pilot_upper_99 (sigma_run 0.0146) at 0.975, 1 cell(s), power 0.9500: detects +0.0258; null FP 0.015, bounded 0.974; reproducibility failure 0.078
pilot_upper_99 (sigma_run 0.0146) at 0.975, 2 cell(s), power 0.9747: detects +0.0279; null FP 0.015, bounded 0.991; reproducibility failure 0.078
pilot_upper_99 (sigma_run 0.0146) at 0.975, 3 cell(s), power 0.9830: detects +0.0291; null FP 0.015, bounded 0.994; reproducibility failure 0.078
pilot_upper_99 (sigma_run 0.0146) at 0.95, 1 cell(s), power 0.9500: detects +0.0234; null FP 0.027, bounded 0.967; reproducibility failure 0.078
pilot_upper_99 (sigma_run 0.0146) at 0.95, 2 cell(s), power 0.9747: detects +0.0259; null FP 0.027, bounded 0.990; reproducibility failure 0.078
pilot_upper_99 (sigma_run 0.0146) at 0.95, 3 cell(s), power 0.9830: detects +0.0271; null FP 0.027, bounded 0.994; reproducibility failure 0.078
wrote /home/ajb6289/ajsoftworks/sphragis-data/results/partition-sensitivity-wikimedia-rp1.0.json
